// Jest Snapshot v1, https://goo.gl/fbAQLP

exports[`WorkDetail WorkDetail class should render enhanced component 1`] = `
<withHandlers(Component)
  circleStyle={
    Object {
      "left": "calc(50% - 50px)",
      "top": "calc(50% - 50px)",
    }
  }
  expandWorksContent={[MockFunction]}
  fetchWork={
    [MockFunction] {
      "calls": Array [
        Array [
          1,
        ],
      ],
    }
  }
  hideOverlay={[MockFunction]}
  history={
    Object {
      "goBack": [MockFunction],
      "location": Object {},
      "push": [MockFunction],
    }
  }
  isExpandWorksContent={false}
  isShowOverlay={false}
  isShowWorksContent={false}
  isShowWorksContentAnimation={false}
  match={
    Object {
      "params": Object {
        "id": 1,
      },
    }
  }
  onEnteredShowWorksContent={[MockFunction]}
  onExitedOverlay={[MockFunction]}
  showWorksContent={[MockFunction]}
  targetWork={
    Object {
      "component": "WorkOne",
      "description": "
      I’ve been a CMT for ten years now, and I have, literally and
      figuratively, held the pulse of a steaming cross-section of
      San Franciscans
      ",
      "id": 1,
      "img": "http://sample.jpg",
      "languages": Array [
        1,
        2,
      ],
      "title": "EC Website",
    }
  }
  toggleOverlay={
    [MockFunction] {
      "calls": Array [
        Array [
          true,
        ],
      ],
    }
  }
  toggleWorksContent={[MockFunction]}
  toggleWorksContentAnimation={[MockFunction]}
  toggleWorksContentExpand={[MockFunction]}
  updateCircle={[MockFunction]}
  updateWorkContentImg={[MockFunction]}
  workContentImg="http://sample.jpg"
/>
`;

exports[`WorkDetail renderWorkContentImgAnimation should render work content image with animation 1`] = `
<React.Fragment>
  <div
    className="work-detail-Uncover_Slice"
    key="0"
  />
  <div
    className="work-detail-Uncover_Slice"
    key="1"
  />
  <div
    className="work-detail-Uncover_Slice"
    key="2"
  />
  <div
    className="work-detail-Uncover_Slice"
    key="3"
  />
  <div
    className="work-detail-Uncover_Slice"
    key="4"
  />
  <div
    className="work-detail-Uncover_Slice"
    key="5"
  />
</React.Fragment>
`;

exports[`WorkDetail should render component 1`] = `
<div
  className="work-detail"
>
  <CSSTransition
    appear={true}
    classNames="slide-works"
    in={false}
    onEntered={[MockFunction]}
    timeout={1000}
  >
    <CSSTransition
      appear={true}
      classNames="expand-works"
      in={false}
      timeout={1000}
    >
      <div
        className="work-detail-Overlay"
      >
        <div
          className="work-detail-ExpandOverlay"
          onClick={[MockFunction]}
        >
          <i
            className="fa fa-expand"
          />
        </div>
        <div
          className="work-detail-Content_Wrapper"
        >
          <Animated
            animateOnMount={true}
            animationIn="fadeInDown"
            animationInDelay={0}
            animationOut="fadeOut"
            animationOutDelay={0}
            className=""
            isVisible={false}
            style={Object {}}
          >
            <h2
              className="work-detail-Content_Heading"
            >
              EC Website
            </h2>
          </Animated>
          <Animated
            animateOnMount={true}
            animationIn="fadeInDown"
            animationInDelay={300}
            animationOut="fadeOut"
            animationOutDelay={0}
            className=""
            isVisible={false}
            style={Object {}}
          >
            <WorkDetailContent
              targetWork={
                Object {
                  "component": "WorkOne",
                  "description": "
      I’ve been a CMT for ten years now, and I have, literally and
      figuratively, held the pulse of a steaming cross-section of
      San Franciscans
      ",
                  "id": 1,
                  "img": "http://sample.jpg",
                  "languages": Array [
                    1,
                    2,
                  ],
                  "title": "EC Website",
                }
              }
              updateWorkContentImg={[MockFunction]}
            />
          </Animated>
        </div>
      </div>
    </CSSTransition>
  </CSSTransition>
  <Animated
    animateOnMount={false}
    animationIn="fadeIn"
    animationInDelay={0}
    animationOut="fadeOut"
    animationOutDelay={0}
    className="work-detail-ContentLeftWrapper"
    isVisible={false}
    style={Object {}}
  >
    <div
      className="work-detail-ContentLeft"
    >
      <div
        className="work-detail-ContentLeft_Inner"
      >
        <Animated
          animateOnMount={true}
          animationIn="fadeInDown"
          animationInDelay={300}
          animationOut="fadeOut"
          animationOutDelay={0}
          className=""
          isVisible={false}
          style={Object {}}
        >
          <div
            className="work-detail-Uncover"
          >
            <a
              href="https://google.com"
              target="blank"
            >
              <img
                src="http://sample.jpg"
              />
            </a>
            <div
              className="work-detail-Uncover_Slices"
            />
          </div>
        </Animated>
      </div>
    </div>
  </Animated>
  <CSSTransition
    appear={true}
    classNames="scale"
    in={false}
    onEnter={[MockFunction]}
    onExited={[MockFunction]}
    timeout={1000}
  >
    <div
      className="work-detail-Circle"
      style={
        Object {
          "left": "calc(50% - 50px)",
          "top": "calc(50% - 50px)",
        }
      }
    />
  </CSSTransition>
  <CSSTransition
    appear={true}
    classNames="slide-button"
    in={false}
    timeout={1000}
  >
    <div
      className="work-detail-BackButton"
    >
      <i
        className="fa fa-angle-left icon"
        onClick={[MockFunction]}
      />
    </div>
  </CSSTransition>
</div>
`;
